
> flash-ui@0.0.0 build
> vite build

[36mvite v6.4.1 [32mbuilding for production...[36m[39m
transforming...
[32mΓ£ô[39m 83 modules transformed.
npm : [31mΓ£ù[39m Build failed in 590ms
At line:1 char:1
+ npm run build 2>&1 | tee build_output.txt
+ ~~~~~~~~~~~~~~~~~~
    + CategoryInfo          : NotSpecified: ([31mΓ£ù[39m Build failed in 590ms:String) [], RemoteException
    + FullyQualifiedErrorId : NativeCommandError
 
[31merror during build:
[31m[vite:esbuild] Transform failed with 1 error:
C:/college/Campus_connect/components/Profile.tsx:303:25: ERROR: Expected ":" but found "}"[31m
file: [36mC:/college/Campus_connect/components/Profile.tsx:303:25[31m
[33m
[33mExpected ":" but found "}"[33m
301|                                  </button>
302|                              )
303|                          )}
   |                           ^
304|                          <button className="p-2.5 rounded-xl bg-slate-100 dark:bg-white/5 border border-slate-200 
dark:border-white/10 text-slate-600 dark:text-slate-400 hover:border-indigo-600 transition-all">
305|                              <ExternalLink className="w-5 h-5" />
[31m
    at failureErrorWithLog (C:\college\Campus_connect\node_modules\esbuild\lib\main.js:1467:15)
    at C:\college\Campus_connect\node_modules\esbuild\lib\main.js:736:50
    at responseCallbacks.<computed> (C:\college\Campus_connect\node_modules\esbuild\lib\main.js:603:9)
    at handleIncomingPacket (C:\college\Campus_connect\node_modules\esbuild\lib\main.js:658:12)
    at Socket.readFromStdout (C:\college\Campus_connect\node_modules\esbuild\lib\main.js:581:7)
    at Socket.emit (node:events:519:28)
    at addChunk (node:internal/streams/readable:559:12)
    at readableAddChunkPushByteMode (node:internal/streams/readable:510:3)
    at Readable.push (node:internal/streams/readable:390:5)
    at Pipe.onStreamRead (node:internal/stream_base_commons:191:23)[39m
